// Jest Snapshot v1, https://goo.gl/fbAQLP

exports[`renders learn react link renders correctly enzyme, return app to json 1`] = `
<div
  className="flex flex-col h-screen w-screen items-center justify-center text-white bg-gradient-to-br from-gray-600 via-teal-700 to-gray-800"
>
  <header
    className="w-full flex items-center justify-center flex-col space-y-3 my-5"
  >
    <h3>
      Play the Flip card game
    </h3>
    <div>
      Select two cards with same content consequtively to make them vanish
    </div>
    <div>
      score: 
      180
    </div>
  </header>
  <div
    className="container w-full h-full flex justify-center my-4"
  >
    <div
      className="grid grid-cols-2 md:grid-cols-4 col-span-4 gap-4 h-[500px]"
    />
  </div>
  <button
    className="mb-5 p-3 bg-blue-400 rounded-full"
    onClick={[Function]}
  >
    Restart
  </button>
</div>
`;

exports[`renders learn react link renders correctly enzyme, return app to json, snappshot test 1`] = `
<div
  className="flex flex-col h-screen w-screen items-center justify-center text-white bg-gradient-to-br from-gray-600 via-teal-700 to-gray-800"
>
  <header
    className="w-full flex items-center justify-center flex-col space-y-3 my-5"
  >
    <h3>
      Play the Flip card game
    </h3>
    <div>
      Select two cards with same content consequtively to make them vanish
    </div>
    <div>
      score: 
      180
    </div>
  </header>
  <div
    className="container w-full h-full flex justify-center my-4"
  >
    <div
      className="grid grid-cols-2 md:grid-cols-4 col-span-4 gap-4 h-[500px]"
    />
  </div>
  <button
    className="mb-5 p-3 bg-blue-400 rounded-full"
    onClick={[Function]}
  >
    Restart
  </button>
</div>
`;
